[static.wixstatic.com/media/3ab8bb9588ba43f49e1fd0d291344a73.png/v1/fill/w_192,h_192,lg_1,usm_0.66_1.00_0.01/3ab8bb9588ba43f49e1fd0d291344a73.png]
[static.wixstatic.com/media/3ab8bb9588ba43f49e1fd0d291344a73.png/v1/fill/w_32,h_32,lg_1,usm_0.66_1.00_0.01/3ab8bb9588ba43f49e1fd0d291344a73.png]
[static.wixstatic.com/media/3ab8bb9588ba43f49e1fd0d291344a73.png/v1/fill/w_180,h_180,lg_1,usm_0.66_1.00_0.01/3ab8bb9588ba43f49e1fd0d291344a73.png]
[backblue.gif]
[fade.gif]
[index.html]
[static.parastorage.com/services/editor-elements-library/dist/thunderbolt/media/sloppyframe.3214ce8e.png]
[static.wixstatic.com/media/55d0c1_d4774e2ee72846feb868eaedb2629202_mv2.jpg/v1/crop/x_498,y_206,w_2040,h_1274/fill/w_316,h_197,al_c,q_80,usm_0.66_1.00_0.01,enc_avif,quality_auto/Logo-2 (1) (1).jpg]
[static.wixstatic.com/media/55d0c1_d4774e2ee72846feb868eaedb2629202_mv2.jpg/v1/crop/x_498,y_206,w_2040,h_1274/fill/w_632,h_394,al_c,q_80,usm_0.66_1.00_0.01,enc_avif,quality_auto/Logo-2 (1) (1).jpg]
[static.wixstatic.com/media/ce6ec7c11b174c0581e20f42bb865ce3.png/v1/fill/w_48,h_48,al_c,q_85,usm_0.66_1.00_0.01,enc_avif,quality_auto/ce6ec7c11b174c0581e20f42bb865ce3.png]
[static.wixstatic.com/media/ce6ec7c11b174c0581e20f42bb865ce3.png/v1/fill/w_96,h_96,al_c,q_85,usm_0.66_1.00_0.01,enc_avif,quality_auto/ce6ec7c11b174c0581e20f42bb865ce3.png]
[static.wixstatic.com/media/55d0c1_09e77582958f4d6aa713b724b0d674e0_mv2.png/v1/crop/x_0,y_83,w_500,h_325/fill/w_103,h_67,al_c,q_85,usm_0.66_1.00_0.01,enc_avif,quality_auto/Phone Icon.png]
[static.wixstatic.com/media/55d0c1_09e77582958f4d6aa713b724b0d674e0_mv2.png/v1/crop/x_0,y_83,w_500,h_325/fill/w_206,h_134,al_c,q_85,usm_0.66_1.00_0.01,enc_avif,quality_auto/Phone Icon.png]
[static.wixstatic.com/media/55d0c1_f30810301a27421f9b587496d44d47cc_mv2.jpg/v1/fill/w_147,h_93,al_c,q_80,usm_0.66_1.00_0.01,blur_2,/55d0c1_f30810301a27421f9b587496d44d47cc_mv2.jpg]
[static.wixstatic.com/media/55d0c1_70a5e15598b743119734c3ebdf2ae8c0_mv2.png/v1/crop/x_47,y_116,w_815,h_536/fill/w_365,h_240,al_c,q_85,usm_0.66_1.00_0.01,enc_av/New Customer Spring Special.png]
[static.wixstatic.com/media/55d0c1_70a5e15598b743119734c3ebdf2ae8c0_mv2.png/v1/crop/x_47,y_116,w_815,h_536/fill/w_730,h_480,al_c,q_85,usm_0.66_1.00_0.01,enc_av/New Customer Spring Special.png]
[static.wixstatic.com/media/55d0c1_5f161f9a516344e1a07f64c774cfe505_mv2.jpg/v1/crop/x_156,y_0,w_676,h_631/fill/w_310,h_289,al_c,q_80,usm_0.66_1.00_0.01,enc_av/Landscaping Mulching Services.jpg]
[static.wixstatic.com/media/55d0c1_5f161f9a516344e1a07f64c774cfe505_mv2.jpg/v1/crop/x_156,y_0,w_676,h_631/fill/w_620,h_578,al_c,q_80,usm_0.66_1.00_0.01,enc_av/Landscaping Mulching Services.jpg]
[static.wixstatic.com/media/55d0c1_c1ea15e3186745b59c26129e166159d2_mv2.jpg/v1/crop/x_115,y_0,w_569,h_531/fill/w_310,h_289,al_c,q_80,usm_0.66_1.00_0.01,enc_avif,quality_auto/Lawn Care Services.jpg]
[static.wixstatic.com/media/55d0c1_c1ea15e3186745b59c26129e166159d2_mv2.jpg/v1/crop/x_115,y_0,w_569,h_531/fill/w_620,h_578,al_c,lg_1,q_80,enc_avif,quality_auto/Lawn Care Services.jpg]
[static.wixstatic.com/media/55d0c1_554528d9b5a7454fafaebadf791fdfee_mv2.jpg/v1/crop/x_9,y_0,w_1107,h_1033/fill/w_310,h_289,al_c,q_80,usm_0.66_1.00_0.01,enc_av/Snow Removal And Salt Services.jpg]
[static.wixstatic.com/media/55d0c1_554528d9b5a7454fafaebadf791fdfee_mv2.jpg/v1/crop/x_9,y_0,w_1107,h_1033/fill/w_620,h_578,al_c,q_80,usm_0.66_1.00_0.01,enc_av/Snow Removal And Salt Services.jpg]
[www.goodfellaslandscape.com/sitemap.xml]
[www.goodfellaslandscape.com/index.html]
[static.parastorage.com/unpkg/@formatjs/intl-segmenter@11.7.10/polyfill.iife.js]
[static.parastorage.com/unpkg/core-js-bundle@3.2.1/minified.js]
[static.parastorage.com/unpkg/focus-within-polyfill@5.0.9/dist/focus-within-polyfill.js]
[static.parastorage.com/services/wix-thunderbolt/dist/handleAccessTokens.inline.3250797b.bundle.min.js]
[www.goodfellaslandscape.com/O,location.href.html]
[static.parastorage.com/services/wix-thunderbolt/dist/overrideGlobals.inline.b271af7d.bundle.min.js]
[www.goodfellaslandscape.com/e.html]
[www.goodfellaslandscape.com/t.html]
[static.parastorage.com/services/wix-thunderbolt/dist/main.744ea815.min.css]
[static.parastorage.com/services/wix-thunderbolt/dist/main.renderer.d1b87f2e.min.css]
[static.parastorage.com/services/editor-elements-library/dist/thunderbolt/rb_wixui.thunderbolt_bootstrap.674e7dbc.min.css]
[static.parastorage.com/services/editor-elements-library/dist/thunderbolt/rb_wixui.thunderbolt[SkipToContentButton].c9649c22.min.css]
[static.parastorage.com/services/editor-elements-library/dist/thunderbolt/rb_wixui.thunderbolt_bootstrap-classic.95bff5e0.min.css]
[static.parastorage.com/services/editor-elements-library/dist/thunderbolt/rb_wixui.thunderbolt[StripColumnsContainer_Default].228b4bbf.min.css]
[static.parastorage.com/services/editor-elements-library/dist/thunderbolt/rb_wixui.thunderbolt_bootstrap-responsive.4e8a21db.min.css]
[static.parastorage.com/services/editor-elements-library/dist/thunderbolt/rb_wixui.thunderbolt[StylableButton_Default].a4db0646.min.css]
[static.parastorage.com/services/editor-elements-library/dist/thunderbolt/rb_wixui.thunderbolt[Container_DefaultAreaSkin].69073092.min.css]
[static.parastorage.com/services/editor-elements-library/dist/thunderbolt/rb_wixui.thunderbolt[DropDownMenu_OverlineMenuButtonSkin].308fb8f3.min.css]
[static.parastorage.com/services/editor-elements-library/dist/thunderbolt/rb_wixui.thunderbolt[GoogleMap].c573a625.min.css]
[static.parastorage.com/services/editor-elements-library/dist/thunderbolt/rb_wixui.thunderbolt[AppWidget_Classic].912355a5.min.css]
[static.parastorage.com/services/editor-elements-library/dist/thunderbolt/rb_wixui.thunderbolt[FormContainer_FormContainerSkin].58f32466.min.css]
[static.parastorage.com/services/editor-elements-library/dist/thunderbolt/rb_wixui.thunderbolt[TextInput].96253ad6.min.css]
[static.parastorage.com/services/editor-elements-library/dist/thunderbolt/rb_wixui.thunderbolt[TextAreaInput].6f117787.min.css]
[static.parastorage.com/services/editor-elements-library/dist/thunderbolt/rb_wixui.thunderbolt[Captcha].cde11f40.min.css]
[static.parastorage.com/services/editor-elements-library/dist/thunderbolt/rb_wixui.thunderbolt[ClassicSection].698c66d5.min.css]
[static.parastorage.com/services/editor-elements-library/dist/thunderbolt/rb_wixui.thunderbolt[WPhoto_RoundPhoto].c9c867b5.min.css]
[static.parastorage.com/services/editor-elements-library/dist/thunderbolt/rb_wixui.thunderbolt[FiveGridLine_SolidLine].a3fea64c.min.css]
[static.parastorage.com/services/wix-thunderbolt/dist/TPABaseComponent.88cd9698.chunk.min.css]
[static.parastorage.com/services/wix-thunderbolt/dist/group_7.c472a333.chunk.min.css]
[www.goodfellaslandscape.com/href,-location.href.html]
[static.parastorage.com/services/profile-card-tpa-ooi/1.2966.0/ProfileCardViewerWidget.min.css]
[static.wixstatic.com/media/55d0c1_5f161f9a516344e1a07f64c774cfe505_mv2.jpg/v1/fill/w_980,h_336,al_c,q_80,usm_0.66_1.00_0.01,enc_avif,quality_auto/Landscaping Mulching Services.jpg]
[static.wixstatic.com/media/55d0c1_5f161f9a516344e1a07f64c774cfe505_mv2.jpg/v1/fill/w_989,h_339,al_c,q_80,enc_avif,quality_auto/Landscaping Mulching Services.jpg]
[static.wixstatic.com/media/55d0c1_7df6fcfd37484620924fa0458cb6afc0_mv2.jpg/v1/fill/w_606,h_404,al_c,q_80,usm_0.66_1.00_0.01,enc_avif,quality_auto/Landscaping Service.jpg]
[static.wixstatic.com/media/55d0c1_7df6fcfd37484620924fa0458cb6afc0_mv2.jpg/v1/fill/w_1024,h_683,al_c,q_85,enc_avif,quality_auto/Landscaping Service.jpg]
[www.goodfellaslandscape.com/landscaping.html]
[static.wixstatic.com/media/55d0c1_8747b64435b94b78b2c8619123237cdb_mv2.jpg/v1/fill/w_980,h_336,al_c,q_80,usm_0.66_1.00_0.01,enc_avif,quality_auto/Snow Removal And Salt Services_edited_jp.jpg]
[static.wixstatic.com/media/55d0c1_8747b64435b94b78b2c8619123237cdb_mv2.jpg/v1/fill/w_1122,h_385,al_c,q_85,enc_avif,quality_auto/Snow Removal And Salt Services_edited_jp.jpg]
[static.wixstatic.com/media/55d0c1_93fff2eada864438aa61a9ff5db50cd4_mv2.jpg/v1/fill/w_606,h_404,al_c,q_80,usm_0.66_1.00_0.01,enc_avif,quality_auto/Snow Removal And Salt Services_edited.jpg]
[static.wixstatic.com/media/55d0c1_93fff2eada864438aa61a9ff5db50cd4_mv2.jpg/v1/fill/w_1125,h_750,al_c,q_85,enc_avif,quality_auto/Snow Removal And Salt Services_edited.jpg]
[www.goodfellaslandscape.com/snowremovalandsaltingservices.html]
[static.wixstatic.com/media/55d0c1_a82937ae307a476a9f43f7b97f619db4_mv2.jpg/v1/fill/w_980,h_336,al_c,q_80,usm_0.66_1.00_0.01,enc_avif,quality_auto/Lawn Strip_edited_edited.jpg]
[static.wixstatic.com/media/55d0c1_a82937ae307a476a9f43f7b97f619db4_mv2.jpg/v1/fill/w_1960,h_672,al_c,q_85,usm_0.66_1.00_0.01,enc_avif,quality_auto/Lawn Strip_edited_edited.jpg]
[static.wixstatic.com/media/55d0c1_01d32ca1b18a4c9eb84c5aed0477a07f_mv2.jpg/v1/fill/w_577,h_385,al_c,q_80,usm_0.66_1.00_0.01,enc_avif,quality_auto/Good Fellas Truck.jpg]
[static.wixstatic.com/media/55d0c1_01d32ca1b18a4c9eb84c5aed0477a07f_mv2.jpg/v1/fill/w_678,h_452,al_c,q_80,enc_avif,quality_auto/Good Fellas Truck.jpg]
[www.goodfellaslandscape.com/lawncare.html]
[static.wixstatic.com/media/55d0c1_7593bab6820246a88f293ef053249cdd_mv2.jpg/v1/fill/w_979,h_651,al_c,q_85,usm_0.66_1.00_0.01,enc_avif,quality_auto/Landscaping Services_edited_edited_edite.jpg]
[static.wixstatic.com/media/55d0c1_7593bab6820246a88f293ef053249cdd_mv2.jpg/v1/fill/w_1958,h_1302,al_c,q_90,usm_0.66_1.00_0.01,enc_avif,quality_auto/Landscaping Services_edited_edited_edite.jpg]
[www.goodfellaslandscape.com/service-areas.html]
[static.wixstatic.com/media/2584dcce6396c8619ee1f6822ac5a717.jpg/v1/fill/w_480,h_360,al_c,q_80,usm_0.66_1.00_0.01,enc_avif,quality_auto/2584dcce6396c8619ee1f6822ac5a717.jpg]
[static.wixstatic.com/media/2584dcce6396c8619ee1f6822ac5a717.jpg/v1/fill/w_960,h_720,al_c,q_85,usm_0.66_1.00_0.01,enc_avif,quality_auto/2584dcce6396c8619ee1f6822ac5a717.jpg]
[www.goodfellaslandscape.com/indianapolis.html]
[www.goodfellaslandscape.com/broad-ripple.html]
[www.goodfellaslandscape.com/brownsburg.html]
[www.goodfellaslandscape.com/carmel.html]
[www.goodfellaslandscape.com/clermont.html]
[www.goodfellaslandscape.com/fishers.html]
[www.goodfellaslandscape.com/westfield.html]
[www.goodfellaslandscape.com/zionsville.html]
[www.goodfellaslandscape.com/privacy-policy.html]
[static.parastorage.com/services/wix-thunderbolt/dist/sendFedopsLoadStarted.inline.ed1ed98a.bundle.min.js]
[static.parastorage.com/services/wix-thunderbolt/dist/webpack-runtime.249f5b3a.bundle.min.js]
[static.parastorage.com/services/wix-thunderbolt/dist/fastdom.inline.91adf90e.bundle.min.js]
[static.parastorage.com/services/wix-thunderbolt/dist/custom-element-utils.inline.d83dfdbf.bundle.min.js]
[www.goodfellaslandscape.com/${s.uri}.html]
[www.goodfellaslandscape.com/file.mp4.html]
[static.parastorage.com/services/wix-thunderbolt/dist/initCustomElements.inline.e091272d.bundle.min.js]
[www.goodfellaslandscape.com/window.location.href.html]
[browser.sentry-cdn.com/7.120.3/bundle.tracing.es5.min.js]
[www.goodfellaslandscape.com/api/index.html]
[www.goodfellaslandscape.com/envelope/index.html]
[browser.sentry-cdn.com/7.120.3/modulemetadata.es5.min.js]
[static.parastorage.com/services/wix-thunderbolt/dist/externals-registry.inline.c335b0f1.bundle.min.js]
[www.goodfellaslandscape.com/feed.html]
[static.parastorage.com/services/wix-thunderbolt/dist/wixDropdownWrapper.inline.03d1fda0.bundle.min.js]
[static.parastorage.com/services/wix-thunderbolt/dist/lazyCustomElementWrapper.inline.eefbcea5.bundle.min.js]
[static.parastorage.com/unpkg/react@18.3.1/umd/react.production.min.js]
[static.parastorage.com/unpkg/react-dom@18.3.1/umd/react-dom.production.min.js]
[static.parastorage.com/unpkg/lodash@4.17.23/lodash.min.js]
[static.parastorage.com/services/wix-thunderbolt/dist/thunderbolt-commons.b7fce77e.bundle.min.js]
[static.parastorage.com/services/wix-thunderbolt/dist/bi-common.inline.90df034b.bundle.min.js]
[static.parastorage.com/services/wix-thunderbolt/dist/main.62f572c5.bundle.min.js]
[static.parastorage.com/services/wix-thunderbolt/dist/main.renderer.b325a058.bundle.min.js]
[static.parastorage.com/services/wix-thunderbolt/dist/createPlatformWorker.inline.a9bb4739.bundle.min.js]
[static.parastorage.com/services/wix-thunderbolt/dist/windowMessageRegister.inline.5cd174ec.bundle.min.js]
[static.parastorage.com/services/wix-thunderbolt/dist/browser-deprecation.bundle.es5.js]
[static.parastorage.com/services/wix-thunderbolt/dist/bi.inline.ae93e7f6.bundle.min.js]
[static.parastorage.com/services/wix-thunderbolt/dist/sendBeat12.inline.995b241c.bundle.min.js]
[static.parastorage.com/services/tag-manager-client/1.1075.0/siteTags.bundle.min.js]
[www.goodfellaslandscape.com/_api/tag-manager/api/v1/tags/index.html]
[www.goodfellaslandscape.com/D.html]
[www.goodfellaslandscape.com/A.html]
[www.goodfellaslandscape.com/r.path[0].html]
[static.parastorage.com/services/editor-elements-library/dist/thunderbolt/rb_wixui.thunderbolt[WPhoto_LiftedShadowPhoto].b1a538b6.min.css]
[static.parastorage.com/services/wix-thunderbolt/dist/webpack-runtime.e8672023.bundle.min.js]
[static.parastorage.com/services/wix-thunderbolt/dist/fastdom.inline.48a8bd4b.bundle.min.js]
[static.parastorage.com/services/wix-thunderbolt/dist/custom-element-utils.inline.43befd9d.bundle.min.js]
[static.parastorage.com/services/wix-thunderbolt/dist/initCustomElements.inline.51cbd1b6.bundle.min.js]
[static.parastorage.com/services/wix-thunderbolt/dist/thunderbolt-commons.1bc5d845.bundle.min.js]
[static.parastorage.com/services/wix-thunderbolt/dist/bi-common.inline.17f83560.bundle.min.js]
[static.parastorage.com/services/wix-thunderbolt/dist/main.b184884f.bundle.min.js]
[static.parastorage.com/services/wix-thunderbolt/dist/main.renderer.32731c34.bundle.min.js]
[www.goodfellaslandscape.com/t,Ye.location.origin.html]
[www.goodfellaslandscape.com/embed/error-page/index.html]
[www.goodfellaslandscape.com/api.html]
[www.goodfellaslandscape.com/envelope.html]
[www.goodfellaslandscape.com/$&/index.html]
[www.goodfellaslandscape.com/__wix.memberDetails.html]
[www.goodfellaslandscape.com/opr/index.html]
[www.goodfellaslandscape.com/version/index.html]
[www.goodfellaslandscape.com/edg/index.html]
[www.goodfellaslandscape.com/u.html]
[www.goodfellaslandscape.com/services/editor-elements/dist/index.html]
[www.goodfellaslandscape.com/e,r.html]
[www.goodfellaslandscape.com/e,t.origin.html]
[www.goodfellaslandscape.com/embed/error-page.html]
[www.goodfellaslandscape.com/$&.html]
[www.goodfellaslandscape.com/opr.html]
[www.goodfellaslandscape.com/version.html]
[www.goodfellaslandscape.com/edg.html]
[www.goodfellaslandscape.com/services/editor-elements/dist.html]
